// Jest Snapshot v1, https://goo.gl/fbAQLP

exports[`rendering renders correctly with all props 1`] = `
<div>
  <main
    className="main"
  >
    <div
      className="body"
    >
      <h1
        className="bodyTitle"
      >
        Title
      </h1>
      Content
    </div>
  </main>
  <footer
    className="footer"
  >
    <p>
      layout:title
    </p>
  </footer>
</div>
`;

exports[`rendering renders correctly with mandatory props only 1`] = `
<div>
  <main
    className="main"
  >
    <div
      className="body"
    >
      <h1
        className="bodyTitle"
      >
        Title
      </h1>
      Content
    </div>
  </main>
  <footer
    className="footer"
  >
    <p>
      layout:title
    </p>
  </footer>
</div>
`;
