// Jest Snapshot v1, https://goo.gl/fbAQLP

exports[`rendering renders correctly 1`] = `
<div
  className="container"
>
  <svgr-mock
    alt="layout:title"
    className="logo"
    height={141}
    width={302}
  />
  <div
    className="box"
  >
    <div
      className="title"
    >
      layout:title
    </div>
    <div
      className="Card__root__2TI9U7gf
        
        Card__isVariantBordered__1CPRD7Sx"
    >
      <div
        className="Card__body__VVBN5EiS"
      >
        <form
          onSubmit={[Function]}
        >
          <div
            className="mb-3"
          >
            <label
              className="TextField__root__3iUhzvuP TextField__isRootFullWidth__WsG8m8iX   TextField__rootLayoutVertical__1gRnSdx1  TextField__isRootRequired__35S_G0GS TextField__rootSizeMedium__2bbQl9zu  TextField__rootVariantOutline__3NOXZDWS"
              htmlFor="username"
              id="username__label"
              style={Object {}}
            >
              <div
                className="TextField__label__38MaVqvq "
                id="username__labelText"
              >
                user:element.email
              </div>
              <div
                className="TextField__field__2IQ3hvDk"
              >
                <div
                  className="TextField__inputContainer__zi07SHRD"
                >
                  <input
                    autoComplete="username"
                    className="TextField__input__2lIhECsc"
                    disabled={false}
                    id="username"
                    max={null}
                    onChange={[Function]}
                    placeholder={null}
                    required={true}
                    size={null}
                    type="email"
                    value=""
                  />
                </div>
              </div>
            </label>
            <label
              className="TextField__root__3iUhzvuP TextField__isRootFullWidth__WsG8m8iX   TextField__rootLayoutVertical__1gRnSdx1  TextField__isRootRequired__35S_G0GS TextField__rootSizeMedium__2bbQl9zu  TextField__rootVariantOutline__3NOXZDWS"
              htmlFor="password"
              id="password__label"
              style={Object {}}
            >
              <div
                className="TextField__label__38MaVqvq "
                id="password__labelText"
              >
                user:element.plainPassword
              </div>
              <div
                className="TextField__field__2IQ3hvDk"
              >
                <div
                  className="TextField__inputContainer__zi07SHRD"
                >
                  <input
                    autoComplete="current-password"
                    className="TextField__input__2lIhECsc"
                    disabled={false}
                    id="password"
                    max={null}
                    onChange={[Function]}
                    placeholder={null}
                    required={true}
                    size={null}
                    type="password"
                    value=""
                  />
                </div>
              </div>
            </label>
          </div>
          <button
            className="Button__root__1cQ7pn3O
        Button__priorityFilled__254OCUyY
        Button__sizeMedium__3SsHOYL-
        Button__variantPrimary__2utVPMdx
        Button__isRootBlock__3-DBqjBK"
            disabled={false}
            id="signInButton"
            onClick={null}
            type="submit"
          >
            <span
              className="Button__label__3pJOzZqB"
              id="signInButton__labelText"
            >
              login:action.signIn
            </span>
          </button>
        </form>
        <div
          className="footer"
        >
          <a
            href="/forgot-password"
            onClick={[Function]}
          >
            login:action.forgotPassword
          </a>
        </div>
      </div>
    </div>
  </div>
</div>
`;
