// Jest Snapshot v1, https://goo.gl/fbAQLP

exports[`rendering renders correctly 1`] = `
<div
  className="container"
>
  <img
    alt="layout:title"
    className="logo"
    height={141}
    src={Object {}}
    width={302}
  />
  <div
    className="NewPassword__root__3WHH0t8q"
  >
    <div
      className="NewPassword__title__KAzfLVH6"
    >
      layout:title
    </div>
    <div
      className="NewPassword__box__i2dyGe6h"
    >
      <form
        onSubmit={[Function]}
      >
        <div
          className="mb-3"
        >
          <label
            className="TextField__root__3yDmdJNi
        TextField__isRootFullWidth__1hLzNevO
        
        TextField__rootLayoutVertical__3YCcUzUr
        TextField__isRootRequired__FUf0CdvL
        TextField__rootSizeMedium__3o17OJby
        
        
        TextField__rootVariantOutline__1RuTCzuC"
            htmlFor="newPasswordInput"
            id="newPasswordInput__label"
            style={Object {}}
          >
            <div
              className="TextField__label__2bJzQO6p"
              id="newPasswordInput__labelText"
            >
              login:element.newPassword
            </div>
            <div
              className="TextField__field__1Nm2afhb"
            >
              <div
                className="TextField__inputContainer__3NDuxsmR"
              >
                <input
                  autoComplete="new-password"
                  className="TextField__input__dZrOwzNX"
                  disabled={false}
                  id="newPasswordInput"
                  onChange={[Function]}
                  placeholder={null}
                  required={true}
                  size={null}
                  type="password"
                />
              </div>
            </div>
          </label>
          <label
            className="TextField__root__3yDmdJNi
        TextField__isRootFullWidth__1hLzNevO
        
        TextField__rootLayoutVertical__3YCcUzUr
        TextField__isRootRequired__FUf0CdvL
        TextField__rootSizeMedium__3o17OJby
        
        
        TextField__rootVariantOutline__1RuTCzuC"
            htmlFor="newPasswordRepeatInput"
            id="newPasswordRepeatInput__label"
            style={Object {}}
          >
            <div
              className="TextField__label__2bJzQO6p"
              id="newPasswordRepeatInput__labelText"
            >
              login:element.repeatNewPassword
            </div>
            <div
              className="TextField__field__1Nm2afhb"
            >
              <div
                className="TextField__inputContainer__3NDuxsmR"
              >
                <input
                  autoComplete="new-password"
                  className="TextField__input__dZrOwzNX"
                  disabled={false}
                  id="newPasswordRepeatInput"
                  onChange={[Function]}
                  placeholder={null}
                  required={true}
                  size={null}
                  type="password"
                />
              </div>
            </div>
          </label>
        </div>
        <button
          className="Button__root__3zrxRSxl
        Button__priorityDefault__hcWO8Peq
        Button__sizeMedium__168V18-G
        Button__variantPrimary__30PKnizS
        Button__isRootBlock__dk3xheVK"
          disabled={false}
          onClick={null}
          title={null}
          type="submit"
        >
          <span
            className="Button__label__3YN6eZ6q"
          >
            login:action.changePassword
          </span>
        </button>
      </form>
      <div
        className="NewPassword__footer__1RBGwF6G"
      >
        <a
          href="/login"
          onClick={[Function]}
        >
          login:action.login
        </a>
      </div>
    </div>
  </div>
</div>
`;
