// Jest Snapshot v1, https://goo.gl/fbAQLP

exports[`rendering renders correctly 1`] = `
<div>
  <h1>
    Error
  </h1>
  <p>
    Page not found
  </p>
</div>
`;
