// Jest Snapshot v1, https://goo.gl/fbAQLP

exports[`rendering renders correctly 1`] = `
<div>
  <div>
    You do not seem to have any pending special approvals.
  </div>
</div>
`;
